// Jest Snapshot v1, https://goo.gl/fbAQLP

exports[`LineProtocol rendering renders! 1`] = `
<Form>
  <h3
    className="wizard-step--title"
  >
    Add Data via Line Protocol
  </h3>
  <h5
    className="wizard-step--sub-title"
  >
    Need help writing InfluxDB Line Protocol? See Documentation
  </h5>
  <LoadingStatusIndicator
    onClickRetry={[Function]}
  />
  <OnboardingButtons
    autoFocusNext={true}
    backButtonText="Back to Select Data Source Type"
    nextButtonStatus="default"
    nextButtonText="Continue to Verify"
    showSkip={true}
    skipButtonText="Skip Config"
  />
</Form>
`;
