// Jest Snapshot v1, https://goo.gl/fbAQLP

exports[`Onboarding.Components.AdminStep renders 1`] = `
<div
  className="onboarding-step"
>
  <h3
    className="wizard-step--title"
  >
    Setup Admin User
  </h3>
  <h5
    className="wizard-step--sub-title"
  >
    You will be able to create additional Users, Buckets and Organizations later
  </h5>
  <Form
    className="onboarding--admin-user-form"
    onSubmit={[Function]}
  >
    <Grid>
      <GridRow>
        <GridColumn
          offsetXS={1}
          widthXS={10}
        >
          <FormElement
            label="Admin Username"
          >
            <Input
              autoFocus={true}
              autocomplete="off"
              disabledTitleText="Admin username has been set"
              icon="checkmark"
              name=""
              onChange={[Function]}
              placeholder=""
              size="md"
              spellCheck={false}
              status="disabled"
              titleText="Admin Username"
              value=""
            />
          </FormElement>
        </GridColumn>
        <GridColumn
          offsetXS={1}
          widthXS={5}
        >
          <FormElement
            label="Admin Password"
          >
            <Input
              autoFocus={false}
              autocomplete="off"
              disabledTitleText="Admin password has been set"
              icon="checkmark"
              name=""
              onChange={[Function]}
              placeholder=""
              size="md"
              spellCheck={false}
              status="disabled"
              titleText="Admin Password"
              type="password"
              value=""
            />
          </FormElement>
        </GridColumn>
        <GridColumn
          widthXS={5}
        >
          <FormElement
            label="Confirm Admin Password"
          >
            <Input
              autoFocus={false}
              autocomplete="off"
              disabledTitleText="Admin password has been set"
              icon="checkmark"
              name=""
              onChange={[Function]}
              placeholder=""
              size="md"
              spellCheck={false}
              status="disabled"
              titleText="Confirm Admin Password"
              type="password"
              value=""
            />
          </FormElement>
        </GridColumn>
        <GridColumn
          offsetXS={1}
          widthXS={10}
        >
          <FormElement
            label="Default Organization Name"
          >
            <Input
              autoFocus={false}
              autocomplete="off"
              disabledTitleText="Default organization name has been set"
              icon="checkmark"
              name=""
              onChange={[Function]}
              placeholder="Your organization is where everything you create lives"
              size="md"
              spellCheck={false}
              status="default"
              titleText="Default Organization Name"
              value=""
            />
          </FormElement>
        </GridColumn>
        <GridColumn
          offsetXS={1}
          widthXS={10}
        >
          <FormElement
            label="Default Bucket Name"
          >
            <Input
              autoFocus={false}
              autocomplete="off"
              disabledTitleText="Default bucket name has been set"
              icon="checkmark"
              name=""
              onChange={[Function]}
              placeholder="Your bucket is where you will store all your data"
              size="md"
              spellCheck={false}
              status="disabled"
              titleText="Default Bucket Name"
              value=""
            />
          </FormElement>
        </GridColumn>
      </GridRow>
    </Grid>
    <OnboardingButtons
      autoFocusNext={false}
      backButtonText="Back to Start"
      nextButtonStatus="disabled"
      nextButtonText="Continue to Data Source Selection"
      onClickBack={[MockFunction]}
      showSkip={false}
      skipButtonText="Skip"
    />
  </Form>
</div>
`;
